// Bun Snapshot v1, https://goo.gl/fbAQLP

exports[`snap 1`] = `
{
  "fr": {
    "html": "<!DOCTYPE html><html><head><meta charset=UTF-8><link rel=icon href=/favicon.svg><title>Example's talk</title><style>:root{--animationTimer:undefinedms}:root{font-family:SegoeUI,system-ui,Avenir,Helvetica,Arial,sans-serif;line-height:1.5;font-weight:400;color-scheme:light dark;font-synthesis:none;text-rendering:optimizeLegibility;-webkit-font-smoothing:antialiased;-moz-osx-font-smoothing:grayscale;-webkit-text-size-adjust:100%;--sd-heading1-size:8.5vw;--sd-heading1-line-height:1;--sd-heading2-size:5vw;--sd-heading2-line-height:1;--sd-text-size:2.2vw;--sd-text-line-height:1.2;--sd-background-color:#242424;--sd-heading-color:rgba(255, 255, 255, 0.97);--sd-text-color:rgba(255, 255, 255, 0.87);--sd-primary-color:rgb(37, 186, 146)}*,::after,::before{box-sizing:border-box}*{margin:0}body{height:100vh}.sd-app{position:relative;overflow:hidden;background-color:var(--sd-background-color);color:var(--sd-text-color);font-size:var(--sd-text-size);line-height:var(--sd-text-line-height)}canvas,img,picture,svg,video{display:block;max-width:100vw}button,input,select,textarea{font:inherit}h1,h2,h3,h4,h5,h6,p{overflow-wrap:break-word}img,p{margin:.7vw auto}.b,a{color:var(--sd-primary-color)}.b{font-weight:700}.i{font-style:italic}.code,pre{font-family:monospace;white-space:pre}.s{text-decoration-line:line-through}.u{text-decoration-line:underline}#sd-progress{background-color:var(--sd-primary-color);position:absolute;left:0;bottom:0;height:.25rem;z-index:1;overflow:hidden}.sd-slide{position:absolute;top:0;left:0;right:0;bottom:0;display:flex;flex-direction:column;align-items:center;justify-content:center;transform:translateX(100%);transition:all var(--animationTimer) ease;padding:30px;overflow:hidden}.sd-slide h1,h2,h3{margin:0;text-align:center;color:var(--sd-heading-color)}.sd-slide h1{font-size:var(--sd-heading1-size);line-height:var(--sd-heading1-line-height);margin-bottom:1.1vw}.sd-slide h2{font-size:var(--sd-heading2-size);line-height:var(--sd-heading2-line-height);margin-bottom:1.1vw}.sd-slide h3{font-size:var(--sd-heading3-size);line-height:var(--sd-heading3-line-height);margin-bottom:1.1vw}.sd-slide.no-sd-animation{transition-duration:0s}.sd-slide.sd-current{transform:translateX(0)}.sd-slide.sd-previous{transform:translateX(-100%)}.sd-slide .sd-notes{display:none}.sd-slide img{max-height:90%}#sd-showSource{position:absolute;bottom:10px;right:10px;background-color:var(--sd-text-color);padding:5px;color:var(--sd-background-color);text-decoration:none;border-radius:5px;font-size:1rem}#sd-showSource:hover{cursor:pointer}#sd-source{background-color:var(--sd-background-color);color:var(--sd-text-color);padding:10px 20px;margin:auto}#sd-qrcode{position:absolute;bottom:10px;left:10px;padding:10px;background:#fff}#sd-qrcode img{margin:0}#sd-langs{position:absolute;background:0 0;color:var(--sd-text-color);border:0;top:.2vw;right:.2vw;font-size:1rem}#sd-langs option{color:var(--sd-text-color)}@media print{*{margin:0;padding:0}@page{size:A4 landscape;margin:0}#sd-langs,#sd-progress,#sd-showSource,#sd-source{display:none}html{height:100%}body{-webkit-print-color-adjust:exact!important;print-color-adjust:exact!important;height:100%;overflow:visible}.sd-slide{position:static;height:100%;page-break-after:always;transform:none!important}}</style><link id=sd-customcss rel=stylesheet href=custom.css></head><body class=sd-app><section class=sd-slide data-num=0 data-slug="" data-source=CgAKACMAIABFAHgAYQBtAHAAbABlACcAcwAgAHQAYQBsAGsACgAKAEgAbwB3ACAAdABvACAAYwByAGUAYQB0AGUAIABhACAAdABhAGwAawAgAHcAaQB0AGgAIABzAGwAaQBkAGUAcwBrAAoA><h1>Example's talk</h1><p>How to create a talk with slidesk</p></section><section class=sd-slide data-num=1 data-slug=slide-1 data-source="UwBsAGkAZABlACAAMQAKAAoALwAvAEAAIABbAF0AIAAwADAAOgAzADAACgAKAEEAIABTAGwAaQBkAGUAIABpAHMAIABkAGUAZgBpAG4AZQAgAGIAeQAgAGEAIABsAGkAbgBlACAAdwBoAGkAYwBoACAAcwB0AGEAcgB0AHMAIAB3AGkAdABoACAAMgAgACcAIwAnACAAYQBuAGQAIABhACAAcwBwAGEAYwBlACAAYQBmAHQAZQByAA=="><h2>Slide 1</h2><p>A Slide is define by a line which starts with 2 '#' and a space after</p></section><section class=sd-slide data-num=2 data-slug=inclusion-of-file-to-structurate-your-file-like-your-talk data-source="SQBuAGMAbAB1AHMAaQBvAG4AIABvAGYAIABmAGkAbABlACAAdABvACAAcwB0AHIAdQBjAHQAdQByAGEAdABlACAAeQBvAHUAcgAgAGYAaQBsAGUAIABsAGkAawBlACAAeQBvAHUAcgAgAHQAYQBsAGsACgAKAEEAIABsAGkAbgBlACAAdwBoAGkAYwBoACAAYgBlAGcAaQBuAHMAIAB3AGkAdABoACAAdABoAGkAcwAgAGIAZQBsAG8AdwAgAHMAeQBuAHQAYQB4AAoACgBgAGAAIQBpAG4AYwBsAHUAZABlACgALgAvAGEAbgBvAHQAaABlAHIAXwBmAGkAbABlAC4AdABmAHMAKQBgAGAACgAKAHcAaQBsAGwAIABpAG4AYwBsAHUAZABlACAAdABoAGUAIABjAG8AbgB0AGUAbgB0ACAAbwBmACAAdABoAGUAIABmAGkAbABlAAoACgBJAHQAIAB3AG8AcgBrAHMAIAB3AGkAdABoACAAbwB0AGgAZQByACAAZgBpAGwAZQAgAHQAeQBwAGUAcwAuAA=="><h2>Inclusion of file to structurate your file like your talk</h2><p>A line which begins with this below syntax</p><p><span class=code>!include(./another_file.tfs)</span></p><p>will include the content of the file</p><p>It works with other file types.</p></section><section class=sd-slide data-num=3 data-slug=syntaxic-words data-source="UwB5AG4AdABhAHgAaQBjACAAdwBvAHIAZABzAAoACgBUAGgAZQAgAFQARgBTACwAIABmAG8AcgAgAHMAbABpAGQAZQBzAGsAIABTAHkAbgB0AGEAeAAsACAAYQBsAGwAbwB3AHMAIAB0AG8AIABjAGgAYQBuAGcAZQAgAHQAaABlACAAZgBvAG4AdAAgAHMAdAB5AGwAZQAKAA=="><h2>Syntaxic words</h2><p>The TFS, for slidesk Syntax, allows to change the font style</p></section><section class=sd-slide data-num=4 data-slug=!slide-4 data-source="CgAKAEEAIAB3AG8AcgBkAC8AcABoAHIAYQBzAGUAIAB3AHIAYQBwAHAAZQBkACAAYgB5ACAAIgBfAF8AIgAgAHcAaQBsAGwAIABkAGkAcwBwAGwAYQB5ACAAaQBuACAAaQB0AGEAbABpAGMALgAKAAoAQQBuACAAXwBfAGkAdABhAGwAaQBjAF8AXwAgAHcAbwByAGQAIABjAGEAbgAgAGIAZQAgAGkAbgAgAGEAIABwAGgAcgBhAHMAZQAKAA=="><p>A word/phrase wrapped by "__" will display in italic.</p><p>An <span class=i>italic</span> word can be in a phrase</p></section><section class=sd-slide data-num=5 data-slug=!slide-5 data-source="CgAKAFcAcgBhAHAAcABlAGQAIAB3AGkAdABoACAAYQAgACIAKgAqACIAIAB3AGkAbABsACAAZABpAHMAcABsAGEAeQAgAGkAbgAgAGIAbwBsAGQACgAKACoAKgBiAG8AbABkACoAKgAKAA=="><p>Wrapped with a "**" will display in bold</p><p><span class=b>bold</span></p></section><section class=sd-slide data-num=6 data-slug=!slide-6 data-source="CgAKAFcAcgBhAHAAcABlAGQAIAB3AGkAdABoACAAYQAgACIAYABgACIAIAB3AGkAbABsACAAZABpAHMAcABsAGEAeQAgAGEAcwAgAGMAbwBkAGUACgAKAGAAYABjAG8AbgBzAG8AbABlAC4AbABvAGcAKAAiAHQAZQBzAHQAIgApAGAAYAAKAA=="><p>Wrapped with a "\`\`" will display as code</p><p><span class=code>console.log("test")</span></p></section><section class=sd-slide data-num=7 data-slug=!slide-7 data-source="CgAKAFcAcgBhAHAAcABlAGQAIAB3AGkAdABoACAAYQAgACIA3ALcAiIAIAB3AGkAbABsACAAZABpAHMAcABsAGEAeQAgAGEAcwAgAHUAbgBkAGUAcgBsAGkAbgBlAGQACgAKANwC3AJ1AG4AZABlAHIAbABpAG4AZQDcAtwCCgA="><p>Wrapped with a "˜˜" will display as underlined</p><p><span class=u>underline</span></p></section><section class=sd-slide data-num=8 data-slug=!slide-8 data-source=CgAKAFcAcgBhAHAAcABlAGQAIAB3AGkAdABoACAAYQAgACIAPQA9ACIAIAB3AGkAbABsACAAZABpAHMAcABsAGEAeQAgAGEAcwAgAGwAaQBuAGUAIAB0AGgAcgBvAHUAZwBoAAoACgA9AD0AbABpAG4AZQAgAHQAaAByAG8AdQBnAGgAPQA9AAoA><p>Wrapped with a "==" will display as line through</p><p><span class=s>line through</span></p></section><section class=sd-slide data-num=9 data-slug=!slide-9 data-source=CgAKAFcAcgBhAHAAcABlAGQAIAB3AGkAdABoACAAYQAgACIAJAAkACIAIAB3AGkAbABsACAAYQBsAGwAbwB3ACAAeQBvAHUAIAB0AG8AIABpAG4AdABlAHIAbgBhAHQAaQBvAG4AYQBsAGkAegBlACAAeQBvAHUAcgAgAHAAcgBlAHMAZQBuAHQAYQB0AGkAbwBuAAoACgAkACQAbQB5AFYAYQByACQAJAAgAGkAcwAgAGkAbgAgAHQAaABlACAAbABhAG4AZwB1AGEAZwBlACAAdwBlACAAdwBhAG4AdAAKAAoA><p>Wrapped with a "$" will allow you to internationalize your presentation</p><p>Ma variable is in the language we want</p></section><section class=sd-slide data-num=10 data-slug=image-attributes data-source="SQBtAGEAZwBlACAAKwAgAGEAdAB0AHIAaQBiAHUAdABlAHMACgAKAFcAaQB0AGgAIABhACAAYABgACEAYABgAGAAYABpAG0AYQBnAGUAKABwAGEAdABoACAAbwBmACAAeQBvAHUAcgAgAGkAbQBhAGcAZQApAGAAYAAgAGEAdAAgAHQAaABlACAAYgBlAGcAaQBuAG4AaQBuAGcAIABvAGYAIABhACAAbABpAG4AZQAgAHcAaQBsAGwAIABkAGkAcwBwAGwAYQB5AAoACgAhAGkAbQBhAGcAZQAoAFMARAAuAHAAbgBnACkACgAKAGEAbgBkACAAeQBvAHUAIABjAGEAbgAgAGEAZABkACAAaAB0AG0AbAAgAGEAdAB0AHIAaQBiAHUAdABlAHMAIAB3AGkAdABoACAAYQAgACIAfAAiACAAYABgACEAYABgAGAAYABpAG0AYQBnAGUAKABwAGEAdABoACAAfAAgAHcAaQBkAHQAaAA9ACIAMQAyADMAcAB4ACIAKQBgAGAACgA="><h2>Image + attributes</h2><p>With a <span class=code>!\`\`\`\`image(path of your image)</span> at the beginning of a line will display</p><p><img src=SD.png loading=lazy></p><p>and you can add html attributes with a "|" <span class=code>!\`\`\`\`image(path | width="123px")</span></p></section><section class=sd-slide data-num=11 data-slug=list data-source="TABpAHMAdAAKAAoALQAgAGwAaQBzAHQACgAtAC0AIABzAHUAYgBsAGkAcwB0AAoALQAtACAAcwB1AGIACgAtACAAZQBuAGQAIABvAGYAIABhACAATABpAHMAdAAKAC0ALQAgAGEAbgAgAG8AdABoAGUAcgAgAHMAdQBiAGwAaQBzAHQACgA="><h2>List</h2><ul><li>list</li><ul><li>sublist</li><li>sub</li></ul><li>end of a List</li><ul><li>an other sublist</li></ul></ul></section><section class=sd-slide data-num=12 data-slug=notes-for-speakers data-source=TgBvAHQAZQBzACAAZgBvAHIAIABzAHAAZQBhAGsAZQByAHMACgAKAFcAaQB0AGgAIABjAG8AbgB2AGUAbgB0AGkAbwBuAGEAbAAgAGMAbwBtAG0AZQBuAHQAcwAgAGAAYAAvAGAAYABgAGAAKgBgAGAAIABlAG4AZAAgAGAAYAAqAGAAYABgAGAALwBgAGAALAAgAHkAbwB1ACAAYwBhAG4AIAB3AHIAaQB0AGUAIAB5AG8AdQByACAAcwBwAGUAYQBrAGUAcgAgAG4AbwB0AGUAIABmAG8AcgAgAGUAYQBjAGgAIABzAGwAaQBkAGUACgAKADwAYQBzAGkAZABlACAAYwBsAGEAcwBzAD0AIgBzAGQALQBuAG8AdABlAHMAIgA+AE0AeQAgAG4AbwB0AGUAcwAgAHcAaQBsAGwAIABiAGUAIABkAGkAcwBwAGwAYQB5AGUAZAAgAG8AbgAgAHMAcABlAGEAawBlAHIAIAB2AGkAZQB3ACAAbwBuAGwAeQA8AGIAcgAvAD4APABiAHIALwA+AEkAdAAgAGMAYQBuACAAYgBlACAAbQB1AGwAdABpAGwAaQBuAGUAIABuAG8AdwA8AGIAcgAvAD4APAAvAGEAcwBpAGQAZQA+AAoA><h2>Notes for speakers</h2><p>With conventional comments <span class=code>/\`\`\`\`*\`\` end \`\`*\`\`\`\`/</span>, you can write your speaker note for each slide</p><aside class=sd-notes>My notes will be displayed on speaker view only<br><br>It can be multiline now<br></aside></section><section class=sd-slide data-num=13 data-slug=components data-source=QwBvAG0AcABvAG4AZQBuAHQAcwAKAAoAVwBpAHQAaAAgAGEAIABgAGAAYwBvAG0AcABvAG4AZQBuAGUAbgB0AHMALwBtAHkAQwBvAG0AcABvAG4AZQBuAHQALgBtAGoAcwBgAGAAIABmAGkAbABlACwAIAB5AG8AdQAgAGMAYQBuACAAYwByAGUAYQB0AGUAIABjAHUAcwB0AG8AbQAgAGMAbwBtAHAAbwBuAGUAbgB0ACAAbABpAGsAZQAgAGAAYAAhAGAAYABgAGAAdABlAHMAdAAoAG0AeQAgAHQAZQBzAHQAKQBgAGAAIABnAGkAdgBpAG4AZwAgAHQAaABpAHMAOgAKAAoAIQB0AGUAcwB0ACgAbQB5ACAAdABlAHMAdAApAAoA><h2>Components</h2><p>With a <span class=code>componenents/myComponent.mjs\`\` file, you can create custom component like \`\`!\`\`\`\`test(my test)</span> giving this:</p><p>!test(my test)</p></section><section class=sd-slide data-num=14 data-slug=final data-source="RgBpAG4AYQBsAAoACgA8AGEAcwBpAGQAZQAgAGMAbABhAHMAcwA9ACIAcwBkAC0AbgBvAHQAZQBzACIAPgBUAGgAYQBuAGsAIAB5AG8AdQA8AGIAcgAvAD4APAAvAGEAcwBpAGQAZQA+AAoACgBUAGgAYQBuAGsAcwAKAAoARABlAHYAZQBsAG8AcABlAGQAIABiAHkAIABoAHQAdABwAHMAOgAvAC8AZwBvAHUAegAuAGQAZQB2AA=="><h2>Final</h2><aside class=sd-notes>Thank you<br></aside><p>Thanks</p><p>Developed by <a href="https://gouz.dev</p></section>" target=_blank rel=noopener>https://gouz.dev</a></p></section><div id=sd-progress>X/X</div><script type=module id=sd-scripts data-sv=,>window.slidesk={currentSlide:0,slides:[],animationTimer:void 0,onSlideChange:function(){document.querySelector("#sd-source pre").innerText=(e=>{const i=atob(e),s=new Uint8Array(i.length);for(let e=0;e<s.length;e+=1)s[e]=i.charCodeAt(e);return String.fromCharCode(...new Uint16Array(s.buffer))})(window.slidesk.slides[window.slidesk.currentSlide].getAttribute("data-source"))}},window.slidesk.io=new WebSocket(\`ws://${window.location.host}/ws\`),window.slidesk.sendMessage=e=>{window.slidesk.waitForSocketConnection(e)},window.slidesk.waitForSocketConnection=e=>{setTimeout((()=>{1===window.slidesk.io?.readyState?window.slidesk.io.send(e):window.slidesk.waitForSocketConnection(e)}),5)},window.slidesk.io&&(window.slidesk.io.onmessage=e=>{const{action:i}=JSON.parse(e.data);"reload"===i?window.location.reload():"next"===i?window.slidesk.next():"previous"===i&&window.slidesk.previous()}),window.slidesk.cleanOldSlide=e=>{window.slidesk.slides[e].classList.remove("sd-current","no-sd-animation")},window.slidesk.changeSlide=()=>{window.slidesk.slides[window.slidesk.currentSlide].classList.remove("sd-previous"),window.slidesk.slides[window.slidesk.currentSlide].classList.add("sd-current"),window.location.hash=window.slidesk.slides[window.slidesk.currentSlide].getAttribute("data-slug"),window.slidesk.io&&(window.slidesk.sendMessage(JSON.stringify({action:"current",payload:window.slidesk.slides[window.slidesk.currentSlide].outerHTML.replace(/data-source="(^["])"/gi,"")})),window.slidesk.sendMessage(JSON.stringify({action:"future",payload:window.slidesk.currentSlide!==window.slidesk.slides.length-1?window.slidesk.slides[window.slidesk.currentSlide+1].outerHTML.replace(/data-source="(^["])"/gi,""):""}))),document.getElementById("sd-progress").style.width=100*(window.slidesk.currentSlide+1)/window.slidesk.slides.length+"%",window.slidesk.slides[window.slidesk.currentSlide].querySelectorAll("img").forEach((e=>e.setAttribute("src",e.getAttribute("src")))),window.slidesk.onSlideChange()},window.slidesk.next=()=>{window.slidesk.currentSlide!==window.slidesk.slides.length-1&&(window.slidesk.cleanOldSlide(window.slidesk.currentSlide),window.slidesk.slides[window.slidesk.currentSlide].classList.add("sd-previous"),window.slidesk.currentSlide+=1,window.slidesk.changeSlide())},window.slidesk.previous=()=>{0!==window.slidesk.currentSlide&&(window.slidesk.cleanOldSlide(window.slidesk.currentSlide),window.slidesk.currentSlide-=1,window.slidesk.changeSlide())},window.onload=()=>{if(window.slidesk.slides=document.querySelectorAll(".sd-slide"),window.slidesk.io){const e=document.getElementById("sd-customcss");e&&window.slidesk.sendMessage(JSON.stringify({action:"customcss",payload:e.getAttribute("href")}));const i=document.getElementById("sd-scripts").getAttribute("data-sv");i&&window.slidesk.sendMessage(JSON.stringify({action:"customsvjs",payload:i}));const s={};window.slidesk.slides.forEach((e=>{s[e.getAttribute("data-num")]=e.getAttribute("data-timer-checkpoint")})),window.slidesk.sendMessage(JSON.stringify({action:"checkpoints",payload:{timerCheckpoints:s,nbSlides:window.slidesk.slides.length}}))}const e=window.location.hash.replace("#","").split("+"),i=[];if(window.slidesk.slides.forEach(((e,s)=>{i.push(e.getAttribute("data-slug"))})),window.slidesk.currentSlide=i.indexOf(e[0]),e.length>1&&(window.slidesk.currentSlide+=Number(e[1])),window.slidesk.currentSlide<0&&(window.slidesk.currentSlide=0),window.slidesk.currentSlide){for(let e=0;e<window.slidesk.currentSlide;e+=1)window.slidesk.slides[e].classList.add("sd-previous","no-sd-animation");setTimeout((()=>{for(let e=0;e<window.slidesk.currentSlide;e+=1)window.slidesk.slides[e].classList.remove("no-sd-animation")}),window.slidesk.animationTimer)}window.slidesk.slides[window.slidesk.currentSlide].classList.add("sd-current","no-sd-animation"),window.slidesk.changeSlide(),document.addEventListener("keydown",(e=>{"ArrowLeft"===e.key?window.slidesk.previous():"ArrowRight"!==e.key&&" "!==e.key||window.slidesk.next()}))}</script><script src=custom.js></script><button id="sd-showSource" popovertarget="sd-source">&lt;/&gt;</button><div id="sd-source" popover><pre>x</pre></div><select id="sd-langs" onchange="window.location.href = this.value;"><option value="/--fr--/" >fr</option>,<option value="/" >en</option></select></body></html>",
    "slug": "fr",
  },
  "index": {
    "html": "<!DOCTYPE html><html><head><meta charset=UTF-8><link rel=icon href=/favicon.svg><title>Example's talk</title><style>:root{--animationTimer:undefinedms}:root{font-family:SegoeUI,system-ui,Avenir,Helvetica,Arial,sans-serif;line-height:1.5;font-weight:400;color-scheme:light dark;font-synthesis:none;text-rendering:optimizeLegibility;-webkit-font-smoothing:antialiased;-moz-osx-font-smoothing:grayscale;-webkit-text-size-adjust:100%;--sd-heading1-size:8.5vw;--sd-heading1-line-height:1;--sd-heading2-size:5vw;--sd-heading2-line-height:1;--sd-text-size:2.2vw;--sd-text-line-height:1.2;--sd-background-color:#242424;--sd-heading-color:rgba(255, 255, 255, 0.97);--sd-text-color:rgba(255, 255, 255, 0.87);--sd-primary-color:rgb(37, 186, 146)}*,::after,::before{box-sizing:border-box}*{margin:0}body{height:100vh}.sd-app{position:relative;overflow:hidden;background-color:var(--sd-background-color);color:var(--sd-text-color);font-size:var(--sd-text-size);line-height:var(--sd-text-line-height)}canvas,img,picture,svg,video{display:block;max-width:100vw}button,input,select,textarea{font:inherit}h1,h2,h3,h4,h5,h6,p{overflow-wrap:break-word}img,p{margin:.7vw auto}.b,a{color:var(--sd-primary-color)}.b{font-weight:700}.i{font-style:italic}.code,pre{font-family:monospace;white-space:pre}.s{text-decoration-line:line-through}.u{text-decoration-line:underline}#sd-progress{background-color:var(--sd-primary-color);position:absolute;left:0;bottom:0;height:.25rem;z-index:1;overflow:hidden}.sd-slide{position:absolute;top:0;left:0;right:0;bottom:0;display:flex;flex-direction:column;align-items:center;justify-content:center;transform:translateX(100%);transition:all var(--animationTimer) ease;padding:30px;overflow:hidden}.sd-slide h1,h2,h3{margin:0;text-align:center;color:var(--sd-heading-color)}.sd-slide h1{font-size:var(--sd-heading1-size);line-height:var(--sd-heading1-line-height);margin-bottom:1.1vw}.sd-slide h2{font-size:var(--sd-heading2-size);line-height:var(--sd-heading2-line-height);margin-bottom:1.1vw}.sd-slide h3{font-size:var(--sd-heading3-size);line-height:var(--sd-heading3-line-height);margin-bottom:1.1vw}.sd-slide.no-sd-animation{transition-duration:0s}.sd-slide.sd-current{transform:translateX(0)}.sd-slide.sd-previous{transform:translateX(-100%)}.sd-slide .sd-notes{display:none}.sd-slide img{max-height:90%}#sd-showSource{position:absolute;bottom:10px;right:10px;background-color:var(--sd-text-color);padding:5px;color:var(--sd-background-color);text-decoration:none;border-radius:5px;font-size:1rem}#sd-showSource:hover{cursor:pointer}#sd-source{background-color:var(--sd-background-color);color:var(--sd-text-color);padding:10px 20px;margin:auto}#sd-qrcode{position:absolute;bottom:10px;left:10px;padding:10px;background:#fff}#sd-qrcode img{margin:0}#sd-langs{position:absolute;background:0 0;color:var(--sd-text-color);border:0;top:.2vw;right:.2vw;font-size:1rem}#sd-langs option{color:var(--sd-text-color)}@media print{*{margin:0;padding:0}@page{size:A4 landscape;margin:0}#sd-langs,#sd-progress,#sd-showSource,#sd-source{display:none}html{height:100%}body{-webkit-print-color-adjust:exact!important;print-color-adjust:exact!important;height:100%;overflow:visible}.sd-slide{position:static;height:100%;page-break-after:always;transform:none!important}}</style><link id=sd-customcss rel=stylesheet href=custom.css></head><body class=sd-app><section class=sd-slide data-num=0 data-slug="" data-source=CgAKACMAIABFAHgAYQBtAHAAbABlACcAcwAgAHQAYQBsAGsACgAKAEgAbwB3ACAAdABvACAAYwByAGUAYQB0AGUAIABhACAAdABhAGwAawAgAHcAaQB0AGgAIABzAGwAaQBkAGUAcwBrAAoA><h1>Example's talk</h1><p>How to create a talk with slidesk</p></section><section class=sd-slide data-num=1 data-slug=slide-1 data-source="UwBsAGkAZABlACAAMQAKAAoALwAvAEAAIABbAF0AIAAwADAAOgAzADAACgAKAEEAIABTAGwAaQBkAGUAIABpAHMAIABkAGUAZgBpAG4AZQAgAGIAeQAgAGEAIABsAGkAbgBlACAAdwBoAGkAYwBoACAAcwB0AGEAcgB0AHMAIAB3AGkAdABoACAAMgAgACcAIwAnACAAYQBuAGQAIABhACAAcwBwAGEAYwBlACAAYQBmAHQAZQByAA=="><h2>Slide 1</h2><p>A Slide is define by a line which starts with 2 '#' and a space after</p></section><section class=sd-slide data-num=2 data-slug=inclusion-of-file-to-structurate-your-file-like-your-talk data-source="SQBuAGMAbAB1AHMAaQBvAG4AIABvAGYAIABmAGkAbABlACAAdABvACAAcwB0AHIAdQBjAHQAdQByAGEAdABlACAAeQBvAHUAcgAgAGYAaQBsAGUAIABsAGkAawBlACAAeQBvAHUAcgAgAHQAYQBsAGsACgAKAEEAIABsAGkAbgBlACAAdwBoAGkAYwBoACAAYgBlAGcAaQBuAHMAIAB3AGkAdABoACAAdABoAGkAcwAgAGIAZQBsAG8AdwAgAHMAeQBuAHQAYQB4AAoACgBgAGAAIQBpAG4AYwBsAHUAZABlACgALgAvAGEAbgBvAHQAaABlAHIAXwBmAGkAbABlAC4AdABmAHMAKQBgAGAACgAKAHcAaQBsAGwAIABpAG4AYwBsAHUAZABlACAAdABoAGUAIABjAG8AbgB0AGUAbgB0ACAAbwBmACAAdABoAGUAIABmAGkAbABlAAoACgBJAHQAIAB3AG8AcgBrAHMAIAB3AGkAdABoACAAbwB0AGgAZQByACAAZgBpAGwAZQAgAHQAeQBwAGUAcwAuAA=="><h2>Inclusion of file to structurate your file like your talk</h2><p>A line which begins with this below syntax</p><p><span class=code>!include(./another_file.tfs)</span></p><p>will include the content of the file</p><p>It works with other file types.</p></section><section class=sd-slide data-num=3 data-slug=syntaxic-words data-source="UwB5AG4AdABhAHgAaQBjACAAdwBvAHIAZABzAAoACgBUAGgAZQAgAFQARgBTACwAIABmAG8AcgAgAHMAbABpAGQAZQBzAGsAIABTAHkAbgB0AGEAeAAsACAAYQBsAGwAbwB3AHMAIAB0AG8AIABjAGgAYQBuAGcAZQAgAHQAaABlACAAZgBvAG4AdAAgAHMAdAB5AGwAZQAKAA=="><h2>Syntaxic words</h2><p>The TFS, for slidesk Syntax, allows to change the font style</p></section><section class=sd-slide data-num=4 data-slug=!slide-4 data-source="CgAKAEEAIAB3AG8AcgBkAC8AcABoAHIAYQBzAGUAIAB3AHIAYQBwAHAAZQBkACAAYgB5ACAAIgBfAF8AIgAgAHcAaQBsAGwAIABkAGkAcwBwAGwAYQB5ACAAaQBuACAAaQB0AGEAbABpAGMALgAKAAoAQQBuACAAXwBfAGkAdABhAGwAaQBjAF8AXwAgAHcAbwByAGQAIABjAGEAbgAgAGIAZQAgAGkAbgAgAGEAIABwAGgAcgBhAHMAZQAKAA=="><p>A word/phrase wrapped by "__" will display in italic.</p><p>An <span class=i>italic</span> word can be in a phrase</p></section><section class=sd-slide data-num=5 data-slug=!slide-5 data-source="CgAKAFcAcgBhAHAAcABlAGQAIAB3AGkAdABoACAAYQAgACIAKgAqACIAIAB3AGkAbABsACAAZABpAHMAcABsAGEAeQAgAGkAbgAgAGIAbwBsAGQACgAKACoAKgBiAG8AbABkACoAKgAKAA=="><p>Wrapped with a "**" will display in bold</p><p><span class=b>bold</span></p></section><section class=sd-slide data-num=6 data-slug=!slide-6 data-source="CgAKAFcAcgBhAHAAcABlAGQAIAB3AGkAdABoACAAYQAgACIAYABgACIAIAB3AGkAbABsACAAZABpAHMAcABsAGEAeQAgAGEAcwAgAGMAbwBkAGUACgAKAGAAYABjAG8AbgBzAG8AbABlAC4AbABvAGcAKAAiAHQAZQBzAHQAIgApAGAAYAAKAA=="><p>Wrapped with a "\`\`" will display as code</p><p><span class=code>console.log("test")</span></p></section><section class=sd-slide data-num=7 data-slug=!slide-7 data-source="CgAKAFcAcgBhAHAAcABlAGQAIAB3AGkAdABoACAAYQAgACIA3ALcAiIAIAB3AGkAbABsACAAZABpAHMAcABsAGEAeQAgAGEAcwAgAHUAbgBkAGUAcgBsAGkAbgBlAGQACgAKANwC3AJ1AG4AZABlAHIAbABpAG4AZQDcAtwCCgA="><p>Wrapped with a "˜˜" will display as underlined</p><p><span class=u>underline</span></p></section><section class=sd-slide data-num=8 data-slug=!slide-8 data-source=CgAKAFcAcgBhAHAAcABlAGQAIAB3AGkAdABoACAAYQAgACIAPQA9ACIAIAB3AGkAbABsACAAZABpAHMAcABsAGEAeQAgAGEAcwAgAGwAaQBuAGUAIAB0AGgAcgBvAHUAZwBoAAoACgA9AD0AbABpAG4AZQAgAHQAaAByAG8AdQBnAGgAPQA9AAoA><p>Wrapped with a "==" will display as line through</p><p><span class=s>line through</span></p></section><section class=sd-slide data-num=9 data-slug=!slide-9 data-source=CgAKAFcAcgBhAHAAcABlAGQAIAB3AGkAdABoACAAYQAgACIAJAAkACIAIAB3AGkAbABsACAAYQBsAGwAbwB3ACAAeQBvAHUAIAB0AG8AIABpAG4AdABlAHIAbgBhAHQAaQBvAG4AYQBsAGkAegBlACAAeQBvAHUAcgAgAHAAcgBlAHMAZQBuAHQAYQB0AGkAbwBuAAoACgAkACQAbQB5AFYAYQByACQAJAAgAGkAcwAgAGkAbgAgAHQAaABlACAAbABhAG4AZwB1AGEAZwBlACAAdwBlACAAdwBhAG4AdAAKAAoA><p>Wrapped with a "$" will allow you to internationalize your presentation</p><p>My variable is in the language we want</p></section><section class=sd-slide data-num=10 data-slug=image-attributes data-source="SQBtAGEAZwBlACAAKwAgAGEAdAB0AHIAaQBiAHUAdABlAHMACgAKAFcAaQB0AGgAIABhACAAYABgACEAYABgAGAAYABpAG0AYQBnAGUAKABwAGEAdABoACAAbwBmACAAeQBvAHUAcgAgAGkAbQBhAGcAZQApAGAAYAAgAGEAdAAgAHQAaABlACAAYgBlAGcAaQBuAG4AaQBuAGcAIABvAGYAIABhACAAbABpAG4AZQAgAHcAaQBsAGwAIABkAGkAcwBwAGwAYQB5AAoACgAhAGkAbQBhAGcAZQAoAFMARAAuAHAAbgBnACkACgAKAGEAbgBkACAAeQBvAHUAIABjAGEAbgAgAGEAZABkACAAaAB0AG0AbAAgAGEAdAB0AHIAaQBiAHUAdABlAHMAIAB3AGkAdABoACAAYQAgACIAfAAiACAAYABgACEAYABgAGAAYABpAG0AYQBnAGUAKABwAGEAdABoACAAfAAgAHcAaQBkAHQAaAA9ACIAMQAyADMAcAB4ACIAKQBgAGAACgA="><h2>Image + attributes</h2><p>With a <span class=code>!\`\`\`\`image(path of your image)</span> at the beginning of a line will display</p><p><img src=SD.png loading=lazy></p><p>and you can add html attributes with a "|" <span class=code>!\`\`\`\`image(path | width="123px")</span></p></section><section class=sd-slide data-num=11 data-slug=list data-source="TABpAHMAdAAKAAoALQAgAGwAaQBzAHQACgAtAC0AIABzAHUAYgBsAGkAcwB0AAoALQAtACAAcwB1AGIACgAtACAAZQBuAGQAIABvAGYAIABhACAATABpAHMAdAAKAC0ALQAgAGEAbgAgAG8AdABoAGUAcgAgAHMAdQBiAGwAaQBzAHQACgA="><h2>List</h2><ul><li>list</li><ul><li>sublist</li><li>sub</li></ul><li>end of a List</li><ul><li>an other sublist</li></ul></ul></section><section class=sd-slide data-num=12 data-slug=notes-for-speakers data-source=TgBvAHQAZQBzACAAZgBvAHIAIABzAHAAZQBhAGsAZQByAHMACgAKAFcAaQB0AGgAIABjAG8AbgB2AGUAbgB0AGkAbwBuAGEAbAAgAGMAbwBtAG0AZQBuAHQAcwAgAGAAYAAvAGAAYABgAGAAKgBgAGAAIABlAG4AZAAgAGAAYAAqAGAAYABgAGAALwBgAGAALAAgAHkAbwB1ACAAYwBhAG4AIAB3AHIAaQB0AGUAIAB5AG8AdQByACAAcwBwAGUAYQBrAGUAcgAgAG4AbwB0AGUAIABmAG8AcgAgAGUAYQBjAGgAIABzAGwAaQBkAGUACgAKADwAYQBzAGkAZABlACAAYwBsAGEAcwBzAD0AIgBzAGQALQBuAG8AdABlAHMAIgA+AE0AeQAgAG4AbwB0AGUAcwAgAHcAaQBsAGwAIABiAGUAIABkAGkAcwBwAGwAYQB5AGUAZAAgAG8AbgAgAHMAcABlAGEAawBlAHIAIAB2AGkAZQB3ACAAbwBuAGwAeQA8AGIAcgAvAD4APABiAHIALwA+AEkAdAAgAGMAYQBuACAAYgBlACAAbQB1AGwAdABpAGwAaQBuAGUAIABuAG8AdwA8AGIAcgAvAD4APAAvAGEAcwBpAGQAZQA+AAoA><h2>Notes for speakers</h2><p>With conventional comments <span class=code>/\`\`\`\`*\`\` end \`\`*\`\`\`\`/</span>, you can write your speaker note for each slide</p><aside class=sd-notes>My notes will be displayed on speaker view only<br><br>It can be multiline now<br></aside></section><section class=sd-slide data-num=13 data-slug=components data-source=QwBvAG0AcABvAG4AZQBuAHQAcwAKAAoAVwBpAHQAaAAgAGEAIABgAGAAYwBvAG0AcABvAG4AZQBuAGUAbgB0AHMALwBtAHkAQwBvAG0AcABvAG4AZQBuAHQALgBtAGoAcwBgAGAAIABmAGkAbABlACwAIAB5AG8AdQAgAGMAYQBuACAAYwByAGUAYQB0AGUAIABjAHUAcwB0AG8AbQAgAGMAbwBtAHAAbwBuAGUAbgB0ACAAbABpAGsAZQAgAGAAYAAhAGAAYABgAGAAdABlAHMAdAAoAG0AeQAgAHQAZQBzAHQAKQBgAGAAIABnAGkAdgBpAG4AZwAgAHQAaABpAHMAOgAKAAoAIQB0AGUAcwB0ACgAbQB5ACAAdABlAHMAdAApAAoA><h2>Components</h2><p>With a <span class=code>componenents/myComponent.mjs\`\` file, you can create custom component like \`\`!\`\`\`\`test(my test)</span> giving this:</p><p>!test(my test)</p></section><section class=sd-slide data-num=14 data-slug=final data-source="RgBpAG4AYQBsAAoACgA8AGEAcwBpAGQAZQAgAGMAbABhAHMAcwA9ACIAcwBkAC0AbgBvAHQAZQBzACIAPgBUAGgAYQBuAGsAIAB5AG8AdQA8AGIAcgAvAD4APAAvAGEAcwBpAGQAZQA+AAoACgBUAGgAYQBuAGsAcwAKAAoARABlAHYAZQBsAG8AcABlAGQAIABiAHkAIABoAHQAdABwAHMAOgAvAC8AZwBvAHUAegAuAGQAZQB2AA=="><h2>Final</h2><aside class=sd-notes>Thank you<br></aside><p>Thanks</p><p>Developed by <a href="https://gouz.dev</p></section>" target=_blank rel=noopener>https://gouz.dev</a></p></section><div id=sd-progress>X/X</div><script type=module id=sd-scripts data-sv=,>window.slidesk={currentSlide:0,slides:[],animationTimer:void 0,onSlideChange:function(){document.querySelector("#sd-source pre").innerText=(e=>{const i=atob(e),s=new Uint8Array(i.length);for(let e=0;e<s.length;e+=1)s[e]=i.charCodeAt(e);return String.fromCharCode(...new Uint16Array(s.buffer))})(window.slidesk.slides[window.slidesk.currentSlide].getAttribute("data-source"))}},window.slidesk.io=new WebSocket(\`ws://${window.location.host}/ws\`),window.slidesk.sendMessage=e=>{window.slidesk.waitForSocketConnection(e)},window.slidesk.waitForSocketConnection=e=>{setTimeout((()=>{1===window.slidesk.io?.readyState?window.slidesk.io.send(e):window.slidesk.waitForSocketConnection(e)}),5)},window.slidesk.io&&(window.slidesk.io.onmessage=e=>{const{action:i}=JSON.parse(e.data);"reload"===i?window.location.reload():"next"===i?window.slidesk.next():"previous"===i&&window.slidesk.previous()}),window.slidesk.cleanOldSlide=e=>{window.slidesk.slides[e].classList.remove("sd-current","no-sd-animation")},window.slidesk.changeSlide=()=>{window.slidesk.slides[window.slidesk.currentSlide].classList.remove("sd-previous"),window.slidesk.slides[window.slidesk.currentSlide].classList.add("sd-current"),window.location.hash=window.slidesk.slides[window.slidesk.currentSlide].getAttribute("data-slug"),window.slidesk.io&&(window.slidesk.sendMessage(JSON.stringify({action:"current",payload:window.slidesk.slides[window.slidesk.currentSlide].outerHTML.replace(/data-source="(^["])"/gi,"")})),window.slidesk.sendMessage(JSON.stringify({action:"future",payload:window.slidesk.currentSlide!==window.slidesk.slides.length-1?window.slidesk.slides[window.slidesk.currentSlide+1].outerHTML.replace(/data-source="(^["])"/gi,""):""}))),document.getElementById("sd-progress").style.width=100*(window.slidesk.currentSlide+1)/window.slidesk.slides.length+"%",window.slidesk.slides[window.slidesk.currentSlide].querySelectorAll("img").forEach((e=>e.setAttribute("src",e.getAttribute("src")))),window.slidesk.onSlideChange()},window.slidesk.next=()=>{window.slidesk.currentSlide!==window.slidesk.slides.length-1&&(window.slidesk.cleanOldSlide(window.slidesk.currentSlide),window.slidesk.slides[window.slidesk.currentSlide].classList.add("sd-previous"),window.slidesk.currentSlide+=1,window.slidesk.changeSlide())},window.slidesk.previous=()=>{0!==window.slidesk.currentSlide&&(window.slidesk.cleanOldSlide(window.slidesk.currentSlide),window.slidesk.currentSlide-=1,window.slidesk.changeSlide())},window.onload=()=>{if(window.slidesk.slides=document.querySelectorAll(".sd-slide"),window.slidesk.io){const e=document.getElementById("sd-customcss");e&&window.slidesk.sendMessage(JSON.stringify({action:"customcss",payload:e.getAttribute("href")}));const i=document.getElementById("sd-scripts").getAttribute("data-sv");i&&window.slidesk.sendMessage(JSON.stringify({action:"customsvjs",payload:i}));const s={};window.slidesk.slides.forEach((e=>{s[e.getAttribute("data-num")]=e.getAttribute("data-timer-checkpoint")})),window.slidesk.sendMessage(JSON.stringify({action:"checkpoints",payload:{timerCheckpoints:s,nbSlides:window.slidesk.slides.length}}))}const e=window.location.hash.replace("#","").split("+"),i=[];if(window.slidesk.slides.forEach(((e,s)=>{i.push(e.getAttribute("data-slug"))})),window.slidesk.currentSlide=i.indexOf(e[0]),e.length>1&&(window.slidesk.currentSlide+=Number(e[1])),window.slidesk.currentSlide<0&&(window.slidesk.currentSlide=0),window.slidesk.currentSlide){for(let e=0;e<window.slidesk.currentSlide;e+=1)window.slidesk.slides[e].classList.add("sd-previous","no-sd-animation");setTimeout((()=>{for(let e=0;e<window.slidesk.currentSlide;e+=1)window.slidesk.slides[e].classList.remove("no-sd-animation")}),window.slidesk.animationTimer)}window.slidesk.slides[window.slidesk.currentSlide].classList.add("sd-current","no-sd-animation"),window.slidesk.changeSlide(),document.addEventListener("keydown",(e=>{"ArrowLeft"===e.key?window.slidesk.previous():"ArrowRight"!==e.key&&" "!==e.key||window.slidesk.next()}))}</script><script src=custom.js></script><button id="sd-showSource" popovertarget="sd-source">&lt;/&gt;</button><div id="sd-source" popover><pre>x</pre></div><select id="sd-langs" onchange="window.location.href = this.value;"><option value="/--fr--/" selected>fr</option>,<option value="/" selected>en</option></select></body></html>",
    "slug": "en",
  },
}
`;
